
Discarded input sections

 .group         0x00000000        0x8 /home/horkheimer/coding/nts1/logue-sdk/platform/nutekt-digital/waves/build/obj/waves.o

Memory Configuration

Name             Origin             Length             Attributes
SRAM             0x20000000         0x00008000         xr
*default*        0x00000000         0xffffffff

Linker script and memory map

LOAD /home/horkheimer/coding/nts1/logue-sdk/platform/nutekt-digital/waves/build/obj/_unit.o
LOAD /home/horkheimer/coding/nts1/logue-sdk/platform/nutekt-digital/waves/build/obj/waves.o

.hooks          0x20000000       0x40
                0x20000000                . = ALIGN (0x4)
                0x20000000                _hooks_start = .
 *(.hooks)
 .hooks         0x20000000       0x40 /home/horkheimer/coding/nts1/logue-sdk/platform/nutekt-digital/waves/build/obj/_unit.o
                0x20000040                . = ALIGN (0x4)
                0x20000040                _hooks_end = .

.init_array     0x20000040        0x4
                0x20000040                . = ALIGN (0x4)
                0x20000040                PROVIDE (__init_array_start, .)
 *(SORT(.init_array.*))
 *(.init_array*)
 .init_array    0x20000040        0x4 /home/horkheimer/coding/nts1/logue-sdk/platform/nutekt-digital/waves/build/obj/waves.o
                0x20000044                . = ALIGN (0x4)
                0x20000044                PROVIDE (__init_array_end, .)

.text           0x20000048      0x874
                0x20000048                . = ALIGN (0x4)
                0x20000048                _text_start = .
 *(.text)
 .text          0x20000048       0x60 /home/horkheimer/coding/nts1/logue-sdk/platform/nutekt-digital/waves/build/obj/_unit.o
                0x2000004a                _hook_mute
                0x2000004c                _hook_value
                0x20000056                _entry
 .text          0x200000a8      0x6b8 /home/horkheimer/coding/nts1/logue-sdk/platform/nutekt-digital/waves/build/obj/waves.o
                0x200000a8                _hook_init
                0x200000aa                _hook_cycle
                0x200005cc                _hook_on
                0x200005e0                _hook_off
                0x200005e2                _hook_param
 *(.text.*)
 .text._ZN5Waves5StateC2Ev
                0x20000760       0x60 /home/horkheimer/coding/nts1/logue-sdk/platform/nutekt-digital/waves/build/obj/waves.o
                0x20000760                Waves::State::State()
                0x20000760                Waves::State::State()
 .text.startup  0x200007c0       0xf4 /home/horkheimer/coding/nts1/logue-sdk/platform/nutekt-digital/waves/build/obj/waves.o
 .text.startup.__stub
                0x200008b4        0x8 linker stubs
 *(.glue_7)
 .glue_7        0x200008bc        0x0 linker stubs
 *(.glue_7t)
 .glue_7t       0x200008bc        0x0 linker stubs
 *(.gcc*)
                0x200008bc                . = ALIGN (0x4)
                0x200008bc                _text_end = .

.vfp11_veneer   0x200008bc        0x0
 .vfp11_veneer  0x200008bc        0x0 linker stubs

.v4_bx          0x200008bc        0x0
 .v4_bx         0x200008bc        0x0 linker stubs

.iplt           0x200008bc        0x0
 .iplt          0x200008bc        0x0 /home/horkheimer/coding/nts1/logue-sdk/platform/nutekt-digital/waves/build/obj/_unit.o

.rel.dyn        0x200008bc        0x0
 .rel.iplt      0x200008bc        0x0 /home/horkheimer/coding/nts1/logue-sdk/platform/nutekt-digital/waves/build/obj/_unit.o

.rodata         0x200008bc        0x0
                0x200008bc                . = ALIGN (0x4)
                0x200008bc                _rodata_start = .
 *(.rodata)
 *(.rodata.*)
                0x200008bc                . = ALIGN (0x4)
                0x200008bc                _rodata_end = .

.data           0x200008c0        0x0
                0x200008c0                . = ALIGN (0x8)
                0x200008c0                _data_start = .
 *(.data)
 .data          0x200008c0        0x0 /home/horkheimer/coding/nts1/logue-sdk/platform/nutekt-digital/waves/build/obj/_unit.o
 .data          0x200008c0        0x0 /home/horkheimer/coding/nts1/logue-sdk/platform/nutekt-digital/waves/build/obj/waves.o
 *(.data.*)
                0x200008c0                . = ALIGN (0x8)
                0x200008c0                _data_end = .

.igot.plt       0x200008c0        0x0
 .igot.plt      0x200008c0        0x0 /home/horkheimer/coding/nts1/logue-sdk/platform/nutekt-digital/waves/build/obj/_unit.o

.bss            0x200008c0       0x90
                0x200008c0                . = ALIGN (0x4)
                0x200008c0                _bss_start = .
 *(.bss)
 .bss           0x200008c0        0x0 /home/horkheimer/coding/nts1/logue-sdk/platform/nutekt-digital/waves/build/obj/_unit.o
 .bss           0x200008c0       0x90 /home/horkheimer/coding/nts1/logue-sdk/platform/nutekt-digital/waves/build/obj/waves.o
 *(.bss.*)
 *(COMMON)
                0x20000950                . = ALIGN (0x4)
                0x20000950                _bss_end = .

.ARM.extab      0x20000950        0x0
                0x20000950                . = ALIGN (0x4)
                0x20000950                __extab_start = .
 *(.ARM.extab* .gnu.linkonce.armextab.*)
                0x20000950                . = ALIGN (0x4)
                0x20000950                __extab_end = .

.ARM.exidx      0x20000950        0x0
                0x20000950                __exidx_start = .
 *(.ARM.exidx* .gnu.linkonce.armexidx.*)
                0x20000950                __exidx_end = .

.eh_frame_hdr   0x20000950        0x0
                0x20000950                . = ALIGN (0x4)
                0x20000950                _eh_frame_hdr_start = .
 *(.eh_frame_hdr)
                0x20000950                . = ALIGN (0x4)
                0x20000950                _eh_frame_hdr_end = .

.eh_frame       0x20000950        0x0
                0x20000950                . = ALIGN (0x4)
                0x20000950                _eh_frame_start = .
 *(.eh_frame)
                0x20000950                . = ALIGN (0x4)
                0x20000950                _eh_frame_end = .
LOAD /home/horkheimer/coding/nts1/logue-sdk/platform/nutekt-digital/waves/ld/osc_api.syms
                0x0800f000                k_osc_api_version = 0x800f000
                0x0800f004                k_osc_api_platform = 0x800f004
                0x0800f100                midi_to_hz_lut_f = 0x800f100
                0x0800f360                sqrtm2log_lut_f = 0x800f360
                0x0800f764                tanpi_lut_f = 0x800f764
                0x0800fb68                log_lut_f = 0x800fb68
                0x0800ff6c                bitres_lut_f = 0x800ff6c
                0x08010170                wt_par_lut_f = 0x8010170
                0x08010f8c                wt_par_notes = 0x8010f8c
                0x08010f94                wt_sqr_lut_f = 0x8010f94
                0x08011db0                wt_sqr_notes = 0x8011db0
                0x08011db8                wt_saw_lut_f = 0x8011db8
                0x08012bd4                wt_saw_notes = 0x8012bd4
                0x08012bdc                wt_sine_lut_f = 0x8012bdc
                0x08012de0                schetzen_lut_f = 0x8012de0
                0x08012fe4                cubicsat_lut_f = 0x8012fe4
                0x080131e8                wavesA = 0x80131e8
                0x0801546c                wavesB = 0x801546c
                0x080174ec                wavesC = 0x80174ec
                0x0801915c                wavesD = 0x801915c
                0x0801abc4                wavesE = 0x801abc4
                0x0801ca3c                wavesF = 0x801ca3c
                0x0801eabc                _osc_mcu_hash = 0x801eabc
                0x0801eac8                _osc_bl_saw_idx = 0x801eac8
                0x0801ebb0                _osc_bl_sqr_idx = 0x801ebb0
                0x0801ec98                _osc_bl_par_idx = 0x801ec98
                0x0801ed80                _osc_rand = 0x801ed80
                0x0801edb8                _osc_white = 0x801edb8
LOAD /home/horkheimer/coding/nts1/logue-sdk/tools/gcc/gcc-arm-none-eabi-5_4-2016q3/bin/../lib/gcc/arm-none-eabi/5.4.1/../../../../arm-none-eabi/lib/armv7e-m/fpu/libm.a
START GROUP
LOAD /home/horkheimer/coding/nts1/logue-sdk/tools/gcc/gcc-arm-none-eabi-5_4-2016q3/bin/../lib/gcc/arm-none-eabi/5.4.1/armv7e-m/fpu/libgcc.a
LOAD /home/horkheimer/coding/nts1/logue-sdk/tools/gcc/gcc-arm-none-eabi-5_4-2016q3/bin/../lib/gcc/arm-none-eabi/5.4.1/../../../../arm-none-eabi/lib/armv7e-m/fpu/libg.a
LOAD /home/horkheimer/coding/nts1/logue-sdk/tools/gcc/gcc-arm-none-eabi-5_4-2016q3/bin/../lib/gcc/arm-none-eabi/5.4.1/../../../../arm-none-eabi/lib/armv7e-m/fpu/libc.a
END GROUP
OUTPUT(/home/horkheimer/coding/nts1/logue-sdk/platform/nutekt-digital/waves/build/noise.elf elf32-littlearm)

.debug_info     0x00000000     0x250f
 .debug_info    0x00000000      0x619 /home/horkheimer/coding/nts1/logue-sdk/platform/nutekt-digital/waves/build/obj/_unit.o
 .debug_info    0x00000619     0x1ef6 /home/horkheimer/coding/nts1/logue-sdk/platform/nutekt-digital/waves/build/obj/waves.o

.debug_abbrev   0x00000000      0x705
 .debug_abbrev  0x00000000      0x1e2 /home/horkheimer/coding/nts1/logue-sdk/platform/nutekt-digital/waves/build/obj/_unit.o
 .debug_abbrev  0x000001e2      0x523 /home/horkheimer/coding/nts1/logue-sdk/platform/nutekt-digital/waves/build/obj/waves.o

.debug_loc      0x00000000      0xf51
 .debug_loc     0x00000000       0xb9 /home/horkheimer/coding/nts1/logue-sdk/platform/nutekt-digital/waves/build/obj/_unit.o
 .debug_loc     0x000000b9      0xe98 /home/horkheimer/coding/nts1/logue-sdk/platform/nutekt-digital/waves/build/obj/waves.o

.debug_aranges  0x00000000       0x50
 .debug_aranges
                0x00000000       0x20 /home/horkheimer/coding/nts1/logue-sdk/platform/nutekt-digital/waves/build/obj/_unit.o
 .debug_aranges
                0x00000020       0x30 /home/horkheimer/coding/nts1/logue-sdk/platform/nutekt-digital/waves/build/obj/waves.o

.debug_line     0x00000000      0x90c
 .debug_line    0x00000000      0x272 /home/horkheimer/coding/nts1/logue-sdk/platform/nutekt-digital/waves/build/obj/_unit.o
 .debug_line    0x00000272      0x69a /home/horkheimer/coding/nts1/logue-sdk/platform/nutekt-digital/waves/build/obj/waves.o

.debug_str      0x00000000      0xe8a
 .debug_str     0x00000000      0x471 /home/horkheimer/coding/nts1/logue-sdk/platform/nutekt-digital/waves/build/obj/_unit.o
                                0x4fe (size before relaxing)
 .debug_str     0x00000471      0xa19 /home/horkheimer/coding/nts1/logue-sdk/platform/nutekt-digital/waves/build/obj/waves.o
                                0xcea (size before relaxing)

.comment        0x00000000       0x6e
 .comment       0x00000000       0x6e /home/horkheimer/coding/nts1/logue-sdk/platform/nutekt-digital/waves/build/obj/_unit.o
                                 0x6f (size before relaxing)
 .comment       0x0000006e       0x6f /home/horkheimer/coding/nts1/logue-sdk/platform/nutekt-digital/waves/build/obj/waves.o

.ARM.attributes
                0x00000000       0x39
 .ARM.attributes
                0x00000000       0x39 /home/horkheimer/coding/nts1/logue-sdk/platform/nutekt-digital/waves/build/obj/_unit.o
 .ARM.attributes
                0x00000039       0x39 /home/horkheimer/coding/nts1/logue-sdk/platform/nutekt-digital/waves/build/obj/waves.o

.debug_frame    0x00000000      0x1e4
 .debug_frame   0x00000000       0xa8 /home/horkheimer/coding/nts1/logue-sdk/platform/nutekt-digital/waves/build/obj/_unit.o
 .debug_frame   0x000000a8      0x13c /home/horkheimer/coding/nts1/logue-sdk/platform/nutekt-digital/waves/build/obj/waves.o

.debug_ranges   0x00000000      0x578
 .debug_ranges  0x00000000      0x578 /home/horkheimer/coding/nts1/logue-sdk/platform/nutekt-digital/waves/build/obj/waves.o

Cross Reference Table

Symbol                                            File
Waves::State::State()                             /home/horkheimer/coding/nts1/logue-sdk/platform/nutekt-digital/waves/build/obj/waves.o
Waves::State::State()                             /home/horkheimer/coding/nts1/logue-sdk/platform/nutekt-digital/waves/build/obj/waves.o
__init_array_end                                  /home/horkheimer/coding/nts1/logue-sdk/platform/nutekt-digital/waves/build/obj/_unit.o
__init_array_start                                /home/horkheimer/coding/nts1/logue-sdk/platform/nutekt-digital/waves/build/obj/_unit.o
_bss_end                                          /home/horkheimer/coding/nts1/logue-sdk/platform/nutekt-digital/waves/build/obj/_unit.o
_bss_start                                        /home/horkheimer/coding/nts1/logue-sdk/platform/nutekt-digital/waves/build/obj/_unit.o
_entry                                            /home/horkheimer/coding/nts1/logue-sdk/platform/nutekt-digital/waves/build/obj/_unit.o
_hook_cycle                                       /home/horkheimer/coding/nts1/logue-sdk/platform/nutekt-digital/waves/build/obj/waves.o
                                                  /home/horkheimer/coding/nts1/logue-sdk/platform/nutekt-digital/waves/build/obj/_unit.o
_hook_init                                        /home/horkheimer/coding/nts1/logue-sdk/platform/nutekt-digital/waves/build/obj/waves.o
                                                  /home/horkheimer/coding/nts1/logue-sdk/platform/nutekt-digital/waves/build/obj/_unit.o
_hook_mute                                        /home/horkheimer/coding/nts1/logue-sdk/platform/nutekt-digital/waves/build/obj/_unit.o
_hook_off                                         /home/horkheimer/coding/nts1/logue-sdk/platform/nutekt-digital/waves/build/obj/waves.o
                                                  /home/horkheimer/coding/nts1/logue-sdk/platform/nutekt-digital/waves/build/obj/_unit.o
_hook_on                                          /home/horkheimer/coding/nts1/logue-sdk/platform/nutekt-digital/waves/build/obj/waves.o
                                                  /home/horkheimer/coding/nts1/logue-sdk/platform/nutekt-digital/waves/build/obj/_unit.o
_hook_param                                       /home/horkheimer/coding/nts1/logue-sdk/platform/nutekt-digital/waves/build/obj/waves.o
                                                  /home/horkheimer/coding/nts1/logue-sdk/platform/nutekt-digital/waves/build/obj/_unit.o
_hook_value                                       /home/horkheimer/coding/nts1/logue-sdk/platform/nutekt-digital/waves/build/obj/_unit.o
_osc_white                                        /home/horkheimer/coding/nts1/logue-sdk/platform/nutekt-digital/waves/build/obj/waves.o
bitres_lut_f                                      /home/horkheimer/coding/nts1/logue-sdk/platform/nutekt-digital/waves/build/obj/waves.o
midi_to_hz_lut_f                                  /home/horkheimer/coding/nts1/logue-sdk/platform/nutekt-digital/waves/build/obj/waves.o
tanpi_lut_f                                       /home/horkheimer/coding/nts1/logue-sdk/platform/nutekt-digital/waves/build/obj/waves.o
wavesA                                            /home/horkheimer/coding/nts1/logue-sdk/platform/nutekt-digital/waves/build/obj/waves.o
wavesB                                            /home/horkheimer/coding/nts1/logue-sdk/platform/nutekt-digital/waves/build/obj/waves.o
wavesC                                            /home/horkheimer/coding/nts1/logue-sdk/platform/nutekt-digital/waves/build/obj/waves.o
wavesD                                            /home/horkheimer/coding/nts1/logue-sdk/platform/nutekt-digital/waves/build/obj/waves.o
wavesE                                            /home/horkheimer/coding/nts1/logue-sdk/platform/nutekt-digital/waves/build/obj/waves.o
wavesF                                            /home/horkheimer/coding/nts1/logue-sdk/platform/nutekt-digital/waves/build/obj/waves.o
